G:/Project/STM/stm32_cli/MyApp/ap/monitor.c:54:6:monitorInit	8	static
G:/Project/STM/stm32_cli/MyApp/ap/monitor.c:64:6:isMonitoringOn	0	static
G:/Project/STM/stm32_cli/MyApp/ap/monitor.c:69:6:monitorUpdateValue	24	static
G:/Project/STM/stm32_cli/MyApp/ap/monitor.c:108:6:monitorSendPacket	288	static
G:/Project/STM/stm32_cli/MyApp/ap/monitor.c:160:6:monitorOff	0	static
G:/Project/STM/stm32_cli/MyApp/ap/monitor.c:165:10:monitorGetPeriod	0	static
G:/Project/STM/stm32_cli/MyApp/ap/monitor.c:170:6:monitorSetPeriod	0	static
G:/Project/STM/stm32_cli/MyApp/ap/monitor.c:21:13:cliMonitor	32	static
G:/Project/STM/stm32_cli/MyApp/ap/monitor.c:175:6:monitorSetSyncHandler	0	static
