G:/Project/STM/stm32_cli/cmake/stm32cubemx/../../Drivers/CMSIS/Include/core_cm4.h:1938:34:__NVIC_SystemReset	0	static,ignoring_inline_asm
G:/Project/STM/stm32_cli/MyApp/hw/driver/cli.c:129:13:isSafeAddress	0	static
G:/Project/STM/stm32_cli/MyApp/hw/driver/cli.c:388:6:cliPrintf	80	static
G:/Project/STM/stm32_cli/MyApp/hw/driver/cli.c:216:13:cliTemp	8	static
G:/Project/STM/stm32_cli/MyApp/hw/driver/cli.c:246:13:cliBtn	8	static
G:/Project/STM/stm32_cli/MyApp/hw/driver/cli.c:150:13:cliMemoryDump	16	static
G:/Project/STM/stm32_cli/MyApp/hw/driver/cli.c:183:13:cliGpio	32	static
G:/Project/STM/stm32_cli/MyApp/hw/driver/cli.c:321:13:cliSys	8	static
G:/Project/STM/stm32_cli/MyApp/hw/driver/cli.c:293:13:cliInfo	32	static
G:/Project/STM/stm32_cli/MyApp/hw/driver/cli.c:265:13:cliLed	16	static
G:/Project/STM/stm32_cli/MyApp/hw/driver/cli.c:331:13:cliHelp	8	static
G:/Project/STM/stm32_cli/MyApp/hw/driver/cli.c:341:13:cliClear	8	static
G:/Project/STM/stm32_cli/MyApp/hw/driver/cli.c:368:6:cliRunCommand	16	static
G:/Project/STM/stm32_cli/MyApp/hw/driver/cli.c:65:13:handleArrowKeys	8	static
G:/Project/STM/stm32_cli/MyApp/hw/driver/cli.c:103:13:processAnsiEscape	8	static
G:/Project/STM/stm32_cli/MyApp/hw/driver/cli.c:48:13:handleBackspace	8	static
G:/Project/STM/stm32_cli/MyApp/hw/driver/cli.c:56:13:handleCharInsert	8	static
G:/Project/STM/stm32_cli/MyApp/hw/driver/cli.c:402:6:cliParseArgs	8	static
G:/Project/STM/stm32_cli/MyApp/hw/driver/cli.c:30:13:handleEnterKey	24	static
G:/Project/STM/stm32_cli/MyApp/hw/driver/cli.c:413:6:cliAdd	32	static
G:/Project/STM/stm32_cli/MyApp/hw/driver/cli.c:346:6:cliInit	16	static
G:/Project/STM/stm32_cli/MyApp/hw/driver/cli.c:428:6:cliSetCtrlCHandler	0	static
G:/Project/STM/stm32_cli/MyApp/hw/driver/cli.c:433:6:cliMain	16	static
